[dotenv@17.3.1] injecting env (3) from .env -- tip: ⚙️  specify custom .env file path with { path: '/custom/path/.env' }
Connected to DB
Doctor: Dr. Adama Traoré Specialty: new ObjectId('69b776c600f54267392657c3')
Patient: Jean Kaboré
Availability: new ObjectId('69b7c4aef4b8ef3b72fdc77b')
Creating appointment with payload: {
  "patient": "69b776c800f54267392657dc",
  "doctor": "69b776c600f54267392657d0",
  "specialty": "69b776c600f54267392657c3",
  "availability": "69b7c4aef4b8ef3b72fdc77b",
  "date": "2026-03-16T00:00:00.000Z",
  "startTime": "08:51",
  "endTime": "20:51",
  "reason": "Test appointment creation",
  "symptoms": "None",
  "urgency": "medium",
  "consultationType": "in-person",
  "payment": {
    "method": "cash",
    "status": "pending",
    "amount": 2000
  }
}
Appointment Created Successfully: new ObjectId('69b7c85a240c213102e78d2e')
